// Jest Snapshot v1, https://goo.gl/fbAQLP

exports[`testing ReactImageUploading component should upload image & show image: data:image/png;base64,KOKMkOKWoV/ilqEp 1`] = `"data:image/png;base64,KOKMkOKWoV/ilqEp"`;
